00:09:47 **** Build of configuration Debug for project 003InputRead ****
make -j16 all 
arm-none-eabi-gcc -mcpu=cortex-m4 -g3 -DDEBUG -c -x assembler-with-cpp -MMD -MP -MF"Startup/startup_stm32f407vgtx.d" -MT"Startup/startup_stm32f407vgtx.o" --specs=nano.specs -mfloat-abi=soft -mthumb -o "Startup/startup_stm32f407vgtx.o" "../Startup/startup_stm32f407vgtx.s"
arm-none-eabi-gcc "../Src/main.c" -mcpu=cortex-m4 -std=gnu11 -g3 -DDEBUG -DSTM32 -DSTM32F4 -DSTM32F407VGTx -c -I../Inc -O0 -ffunction-sections -fdata-sections -Wall -fstack-usage -MMD -MP -MF"Src/main.d" -MT"Src/main.o" --specs=nano.specs -mfloat-abi=soft -mthumb -o "Src/main.o"
arm-none-eabi-gcc "../Src/syscalls.c" -mcpu=cortex-m4 -std=gnu11 -g3 -DDEBUG -DSTM32 -DSTM32F4 -DSTM32F407VGTx -c -I../Inc -O0 -ffunction-sections -fdata-sections -Wall -fstack-usage -MMD -MP -MF"Src/syscalls.d" -MT"Src/syscalls.o" --specs=nano.specs -mfloat-abi=soft -mthumb -o "Src/syscalls.o"
arm-none-eabi-gcc "../Src/sysmem.c" -mcpu=cortex-m4 -std=gnu11 -g3 -DDEBUG -DSTM32 -DSTM32F4 -DSTM32F407VGTx -c -I../Inc -O0 -ffunction-sections -fdata-sections -Wall -fstack-usage -MMD -MP -MF"Src/sysmem.d" -MT"Src/sysmem.o" --specs=nano.specs -mfloat-abi=soft -mthumb -o "Src/sysmem.o"
arm-none-eabi-gcc -o "003InputRead.elf" @"objects.list"   -mcpu=cortex-m4 -T"D:\Embedded\Embedded-C-UdemyCourse\My_workspace\target\003InputRead\STM32F407VGTX_FLASH.ld" --specs=nosys.specs -Wl,-Map="003InputRead.map" -Wl,--gc-sections -static --specs=nano.specs -mfloat-abi=soft -mthumb -Wl,--start-group -lc -lm -Wl,--end-group
Finished building target: 003InputRead.elf
 
arm-none-eabi-size   003InputRead.elf 
arm-none-eabi-objdump -h -S  003InputRead.elf  > "003InputRead.list"
arm-none-eabi-objcopy  -O binary  003InputRead.elf  "003InputRead.bin"
   text	   data	    bss	    dec	    hex	filename
    820	      8	   1568	   2396	    95c	003InputRead.elf
Finished building: default.size.stdout
 
Finished building: 003InputRead.bin
Finished building: 003InputRead.list
 
 

00:09:48 Build Finished. 0 errors, 0 warnings. (took 548ms)

